
SQL> create or replace function mostRecentMovieRealised (idpersonne in number)
  2  return number
  3  
  4  is
  5  year film.anne%type :=null;
  6  nom personne.nom%type;
  7  begin
  8  select max(f.annee) , p.nom into year,nom from film  f inner join personne  p on
  9  f.idrealisatuer = p.idpersonne where p.idpersonne = idpersonne group by p.nom;
 10  dbms_output.put_line('annee la plus recente dun film realise par '||nom||' est '||year);
 11  return year;
 12  exception
 13  when no_data_found then
 14  dbms_output.put_line('Error Personne '||idpersonne||' realised no films');
 15  return null;
 16  end;
 17  /

Warning: Function created with compilation errors.

SQL> create or replace function mostRecentMovieRealised (idpersonne in number)
  2  return number
  3  
  4  is
  5  year film.annee%type :=null;
  6  nom personne.nom%type;
  7  begin
  8  select max(f.annee) , p.nom into year,nom from film  f inner join personne  p on
  9  f.idrealisatuer = p.idpersonne where p.idpersonne = idpersonne group by p.nom;
 10  dbms_output.put_line('annee la plus recente dun film realise par '||nom||' est '||year);
 11  return year;
 12  exception
 13  when no_data_found then
 14  dbms_output.put_line('Error Personne '||idpersonne||' realised no films');
 15  return null;
 16  end;
 17  /

Warning: Function created with compilation errors.

SQL> create or replace function mostRecentMovieRealised (idpersonne in number)
  2  return number
  3  
  4  is
  5  year film.annee%type :=null;
  6  nom personne.nom%type;
  7  begin
  8  select max(f.annee) , p.nom into year,nom from film  f inner join personne  p on
  9  f.idrealisateur = p.idpersonne where p.idpersonne = idpersonne group by p.nom;
 10  dbms_output.put_line('annee la plus recente dun film realise par '||nom||' est '||year);
 11  return year;
 12  exception
 13  when no_data_found then
 14  dbms_output.put_line('Error Personne '||idpersonne||' realised no films');
 15  return null;
 16  end;
 17  /

Function created.

SQL> create or replace function mostRecentMovieRealised (idpersonne in number)
  2  return number
  3  
  4  is
  5  year film.annee%type :=null;
  6  nom personne.nom%type;
  7  begin
  8  select max(f.annee) , p.nom into year,nom from film  f inner join personne  p on
  9  f.idrealisateur = idpersonne group by p.nom;
 10  dbms_output.put_line('annee la plus recente dun film realise par '||nom||' est '||year);
 11  return year;
 12  exception
 13  when no_data_found then
 14  dbms_output.put_line('Error Personne '||idpersonne||' realised no films');
 15  return null;
 16  end;
 17  /

Function created.

SQL> spool off;
